2026-05-15 13:36:37.618 [main] INFO  c.project.datasource.DbInitializer.init(45) - QUERY 1:
CREATE TABLE IF NOT EXISTS projekt(
projekt_id SERIAL, --SERIAL lub INTEGER GENERATED BY DEFAULT AS IDENTITY(START WITH 1, INCREMENT BY 1)
nazwa VARCHAR(50) NOT NULL,
opis VARCHAR(1000),
dataczas_utworzenia TIMESTAMP DEFAULT now(),
data_oddania DATE,
CONSTRAINT projekt_pk PRIMARY KEY (projekt_id)
);
CREATE TABLE IF NOT EXISTS zadanie(
zadanie_id SERIAL, --SERIAL lub INTEGER GENERATED BY DEFAULT AS IDENTITY(START WITH 1, INCREMENT BY 1)
nazwa VARCHAR(50) NOT NULL,
opis VARCHAR(1000),
data DATE,
dataczas_utworzenia TIMESTAMP DEFAULT now(),
projekt_id INTEGER NOT NULL,
CONSTRAINT zadanie_pk PRIMARY KEY (zadanie_id)
);

2026-05-15 13:36:37.620 [main] INFO  c.project.datasource.DbInitializer.init(45) - QUERY 2:
CREATE INDEX IF NOT EXISTS projekt_nazwa_idx ON projekt(nazwa);
CREATE INDEX IF NOT EXISTS zadanie_nazwa_idx ON zadanie(nazwa);
ALTER TABLE zadanie ADD CONSTRAINT IF NOT EXISTS zadanie_projekt_fk FOREIGN KEY (projekt_id)
REFERENCES projekt (projekt_id) ON DELETE CASCADE;

2026-05-15 13:36:43.561 [main] INFO  c.project.datasource.DbInitializer.init(45) - QUERY 1:
CREATE TABLE IF NOT EXISTS projekt(
projekt_id SERIAL, --SERIAL lub INTEGER GENERATED BY DEFAULT AS IDENTITY(START WITH 1, INCREMENT BY 1)
nazwa VARCHAR(50) NOT NULL,
opis VARCHAR(1000),
dataczas_utworzenia TIMESTAMP DEFAULT now(),
data_oddania DATE,
CONSTRAINT projekt_pk PRIMARY KEY (projekt_id)
);
CREATE TABLE IF NOT EXISTS zadanie(
zadanie_id SERIAL, --SERIAL lub INTEGER GENERATED BY DEFAULT AS IDENTITY(START WITH 1, INCREMENT BY 1)
nazwa VARCHAR(50) NOT NULL,
opis VARCHAR(1000),
data DATE,
dataczas_utworzenia TIMESTAMP DEFAULT now(),
projekt_id INTEGER NOT NULL,
CONSTRAINT zadanie_pk PRIMARY KEY (zadanie_id)
);

2026-05-15 13:36:43.561 [main] INFO  c.project.datasource.DbInitializer.init(45) - QUERY 2:
CREATE INDEX IF NOT EXISTS projekt_nazwa_idx ON projekt(nazwa);
CREATE INDEX IF NOT EXISTS zadanie_nazwa_idx ON zadanie(nazwa);
ALTER TABLE zadanie ADD CONSTRAINT IF NOT EXISTS zadanie_projekt_fk FOREIGN KEY (projekt_id)
REFERENCES projekt (projekt_id) ON DELETE CASCADE;

2026-05-15 13:38:30.793 [main] INFO  c.project.datasource.DbInitializer.init(45) - QUERY 1:
CREATE TABLE IF NOT EXISTS projekt(
projekt_id SERIAL, --SERIAL lub INTEGER GENERATED BY DEFAULT AS IDENTITY(START WITH 1, INCREMENT BY 1)
nazwa VARCHAR(50) NOT NULL,
opis VARCHAR(1000),
dataczas_utworzenia TIMESTAMP DEFAULT now(),
data_oddania DATE,
CONSTRAINT projekt_pk PRIMARY KEY (projekt_id)
);
CREATE TABLE IF NOT EXISTS zadanie(
zadanie_id SERIAL, --SERIAL lub INTEGER GENERATED BY DEFAULT AS IDENTITY(START WITH 1, INCREMENT BY 1)
nazwa VARCHAR(50) NOT NULL,
opis VARCHAR(1000),
data DATE,
dataczas_utworzenia TIMESTAMP DEFAULT now(),
projekt_id INTEGER NOT NULL,
CONSTRAINT zadanie_pk PRIMARY KEY (zadanie_id)
);

2026-05-15 13:38:30.793 [main] INFO  c.project.datasource.DbInitializer.init(45) - QUERY 2:
CREATE INDEX IF NOT EXISTS projekt_nazwa_idx ON projekt(nazwa);
CREATE INDEX IF NOT EXISTS zadanie_nazwa_idx ON zadanie(nazwa);
ALTER TABLE zadanie ADD CONSTRAINT IF NOT EXISTS zadanie_projekt_fk FOREIGN KEY (projekt_id)
REFERENCES projekt (projekt_id) ON DELETE CASCADE;

